// Jest Snapshot v1, https://goo.gl/fbAQLP

exports[`<SsrDemoPage /> should match the snapshot 1`] = `
<section>
  SSR Demo
</section>
`;
