// Jest Snapshot v1, https://goo.gl/fbAQLP

exports[`<Footer /> should render and match the snapshot 1`] = `
<footer
  class="sc-beqWaB igQRWg"
>
  <section>
    footer.copyRightMessage
    <section>
      footer.copyRightSubMessage
    </section>
  </section>
  <section />
</footer>
`;
