// Jest Snapshot v1, https://goo.gl/fbAQLP

exports[`<LoaderPage /> should match the snapshot 1`] = `null`;
