// Jest Snapshot v1, https://goo.gl/fbAQLP

exports[`<FeaturePage /> should render its heading 1`] = `
<div
  class="sc-beySbM kyCJAz"
>
  [object Object]
</div>
`;
