// Jest Snapshot v1, https://goo.gl/fbAQLP

exports[`<UsersPage /> should match the snapshot 1`] = `<div />`;
